../Core/Src/main.c:96:6:LED_on_Flash	16	static
../Core/Src/main.c:121:5:main	312	static
../Core/Src/main.c:219:6:SystemClock_Config	88	static
../Core/Src/main.c:265:13:MX_ADC1_Init	24	static
../Core/Src/main.c:309:13:MX_ADC2_Init	24	static
../Core/Src/main.c:353:13:MX_I2C1_Init	8	static
../Core/Src/main.c:384:13:MX_USART2_UART_Init	8	static
../Core/Src/main.c:414:13:MX_GPIO_Init	40	static
../Core/Src/main.c:452:6:temp_value_to_Celsius	32	static
../Core/Src/main.c:466:6:temp_value_to_Fahrenheit	32	static
../Core/Src/main.c:489:6:Error_Handler	4	static,ignoring_inline_asm
